src/controllers/practice.controller.ts(68,92): error TS2554: Expected 3 arguments, but got 5.
